2025-03-08 23:17:38,968 - AnalyticsService - INFO - Successfully registered with Resource Catalog
2025-03-08 23:17:38,968 - AnalyticsService - INFO - Analytics Service initialized
2025-03-08 23:17:38,968 - AnalyticsService - INFO - Analysis background thread started
2025-03-08 23:17:38,968 - cherrypy.error - INFO - [08/Mar/2025:23:17:38] ENGINE Bus STARTING
2025-03-08 23:17:38,971 - AnalyticsService - INFO - Successfully updated registration with Resource Catalog
2025-03-08 23:17:38,974 - AnalyticsService - ERROR - Error in analysis loop: string indices must be integers, not 'str'
2025-03-08 23:17:40,030 - cherrypy.error - ERROR - [08/Mar/2025:23:17:40] ENGINE Error in 'start' listener <bound method Server.start of <cherrypy._cpserver.Server object at 0x1091a96a0>>
Traceback (most recent call last):
  File "/Library/Frameworks/Python.framework/Versions/3.13/lib/python3.13/site-packages/portend.py", line 122, in free
    Checker(timeout=0.1).assert_free(host, port)
    ~~~~~~~~~~~~~~~~~~~~~~~~~~~~~~~~^^^^^^^^^^^^
  File "/Library/Frameworks/Python.framework/Versions/3.13/lib/python3.13/site-packages/portend.py", line 71, in assert_free
    list(itertools.starmap(self._connect, info))
    ~~~~^^^^^^^^^^^^^^^^^^^^^^^^^^^^^^^^^^^^^^^^
  File "/Library/Frameworks/Python.framework/Versions/3.13/lib/python3.13/site-packages/portend.py", line 87, in _connect
    raise PortNotFree(tmpl.format(**locals()))
portend.PortNotFree: Port 5000 is in use on 0.0.0.0.

During handling of the above exception, another exception occurred:

Traceback (most recent call last):
  File "/Library/Frameworks/Python.framework/Versions/3.13/lib/python3.13/site-packages/cherrypy/process/wspbus.py", line 229, in publish
    output.append(listener(*args, **kwargs))
                  ~~~~~~~~^^^^^^^^^^^^^^^^^
  File "/Library/Frameworks/Python.framework/Versions/3.13/lib/python3.13/site-packages/cherrypy/_cpserver.py", line 191, in start
    super(Server, self).start()
    ~~~~~~~~~~~~~~~~~~~~~~~~~^^
  File "/Library/Frameworks/Python.framework/Versions/3.13/lib/python3.13/site-packages/cherrypy/process/servers.py", line 176, in start
    portend.free(*self.bind_addr, timeout=Timeouts.free)
    ~~~~~~~~~~~~^^^^^^^^^^^^^^^^^^^^^^^^^^^^^^^^^^^^^^^^
  File "/Library/Frameworks/Python.framework/Versions/3.13/lib/python3.13/site-packages/portend.py", line 126, in free
    raise Timeout("Port {port} not free on {host}.".format(**locals()))
portend.Timeout: Port 5000 not free on 0.0.0.0.

2025-03-08 23:17:40,031 - cherrypy.error - ERROR - [08/Mar/2025:23:17:40] ENGINE Shutting down due to error in start listener:
Traceback (most recent call last):
  File "/Library/Frameworks/Python.framework/Versions/3.13/lib/python3.13/site-packages/cherrypy/process/wspbus.py", line 267, in start
    self.publish('start')
    ~~~~~~~~~~~~^^^^^^^^^
  File "/Library/Frameworks/Python.framework/Versions/3.13/lib/python3.13/site-packages/cherrypy/process/wspbus.py", line 247, in publish
    raise exc
cherrypy.process.wspbus.ChannelFailures: Timeout('Port 5000 not free on 0.0.0.0.')

2025-03-08 23:17:40,031 - cherrypy.error - INFO - [08/Mar/2025:23:17:40] ENGINE Bus STOPPING
2025-03-08 23:17:40,031 - cherrypy.error - INFO - [08/Mar/2025:23:17:40] ENGINE HTTP Server cherrypy._cpwsgi_server.CPWSGIServer(('0.0.0.0', 5000)) already shut down
2025-03-08 23:17:40,031 - cherrypy.error - INFO - [08/Mar/2025:23:17:40] ENGINE Bus STOPPED
2025-03-08 23:17:40,032 - cherrypy.error - INFO - [08/Mar/2025:23:17:40] ENGINE Bus EXITING
2025-03-08 23:17:40,032 - cherrypy.error - INFO - [08/Mar/2025:23:17:40] ENGINE Bus EXITED
2025-03-09 14:26:09,355 - AnalyticsService - INFO - Successfully registered with Resource Catalog
2025-03-09 14:26:09,355 - AnalyticsService - INFO - Analytics Service initialized
2025-03-09 14:26:09,355 - AnalyticsService - INFO - Analysis background thread started
2025-03-09 14:26:09,355 - cherrypy.error - INFO - [09/Mar/2025:14:26:09] ENGINE Bus STARTING
2025-03-09 14:26:09,357 - AnalyticsService - INFO - Successfully updated registration with Resource Catalog
2025-03-09 14:26:09,359 - AnalyticsService - ERROR - Error in analysis loop: string indices must be integers, not 'str'
2025-03-09 14:26:10,415 - cherrypy.error - ERROR - [09/Mar/2025:14:26:10] ENGINE Error in 'start' listener <bound method Server.start of <cherrypy._cpserver.Server object at 0x106ab96a0>>
Traceback (most recent call last):
  File "/Library/Frameworks/Python.framework/Versions/3.13/lib/python3.13/site-packages/portend.py", line 122, in free
    Checker(timeout=0.1).assert_free(host, port)
    ~~~~~~~~~~~~~~~~~~~~~~~~~~~~~~~~^^^^^^^^^^^^
  File "/Library/Frameworks/Python.framework/Versions/3.13/lib/python3.13/site-packages/portend.py", line 71, in assert_free
    list(itertools.starmap(self._connect, info))
    ~~~~^^^^^^^^^^^^^^^^^^^^^^^^^^^^^^^^^^^^^^^^
  File "/Library/Frameworks/Python.framework/Versions/3.13/lib/python3.13/site-packages/portend.py", line 87, in _connect
    raise PortNotFree(tmpl.format(**locals()))
portend.PortNotFree: Port 5001 is in use on 0.0.0.0.

During handling of the above exception, another exception occurred:

Traceback (most recent call last):
  File "/Library/Frameworks/Python.framework/Versions/3.13/lib/python3.13/site-packages/cherrypy/process/wspbus.py", line 229, in publish
    output.append(listener(*args, **kwargs))
                  ~~~~~~~~^^^^^^^^^^^^^^^^^
  File "/Library/Frameworks/Python.framework/Versions/3.13/lib/python3.13/site-packages/cherrypy/_cpserver.py", line 191, in start
    super(Server, self).start()
    ~~~~~~~~~~~~~~~~~~~~~~~~~^^
  File "/Library/Frameworks/Python.framework/Versions/3.13/lib/python3.13/site-packages/cherrypy/process/servers.py", line 176, in start
    portend.free(*self.bind_addr, timeout=Timeouts.free)
    ~~~~~~~~~~~~^^^^^^^^^^^^^^^^^^^^^^^^^^^^^^^^^^^^^^^^
  File "/Library/Frameworks/Python.framework/Versions/3.13/lib/python3.13/site-packages/portend.py", line 126, in free
    raise Timeout("Port {port} not free on {host}.".format(**locals()))
portend.Timeout: Port 5001 not free on 0.0.0.0.

2025-03-09 14:26:10,416 - cherrypy.error - ERROR - [09/Mar/2025:14:26:10] ENGINE Shutting down due to error in start listener:
Traceback (most recent call last):
  File "/Library/Frameworks/Python.framework/Versions/3.13/lib/python3.13/site-packages/cherrypy/process/wspbus.py", line 267, in start
    self.publish('start')
    ~~~~~~~~~~~~^^^^^^^^^
  File "/Library/Frameworks/Python.framework/Versions/3.13/lib/python3.13/site-packages/cherrypy/process/wspbus.py", line 247, in publish
    raise exc
cherrypy.process.wspbus.ChannelFailures: Timeout('Port 5001 not free on 0.0.0.0.')

2025-03-09 14:26:10,416 - cherrypy.error - INFO - [09/Mar/2025:14:26:10] ENGINE Bus STOPPING
2025-03-09 14:26:10,416 - cherrypy.error - INFO - [09/Mar/2025:14:26:10] ENGINE HTTP Server cherrypy._cpwsgi_server.CPWSGIServer(('0.0.0.0', 5001)) already shut down
2025-03-09 14:26:10,416 - cherrypy.error - INFO - [09/Mar/2025:14:26:10] ENGINE Bus STOPPED
2025-03-09 14:26:10,416 - cherrypy.error - INFO - [09/Mar/2025:14:26:10] ENGINE Bus EXITING
2025-03-09 14:26:10,416 - cherrypy.error - INFO - [09/Mar/2025:14:26:10] ENGINE Bus EXITED
2025-03-09 14:28:27,184 - AnalyticsService - INFO - Successfully registered with Resource Catalog
2025-03-09 14:28:27,185 - AnalyticsService - INFO - Analytics Service initialized
2025-03-09 14:28:27,185 - AnalyticsService - INFO - Analysis background thread started
2025-03-09 14:28:27,185 - cherrypy.error - INFO - [09/Mar/2025:14:28:27] ENGINE Bus STARTING
2025-03-09 14:28:27,187 - AnalyticsService - INFO - Successfully updated registration with Resource Catalog
2025-03-09 14:28:27,188 - AnalyticsService - ERROR - Error in analysis loop: string indices must be integers, not 'str'
2025-03-09 14:28:27,288 - cherrypy.error - INFO - [09/Mar/2025:14:28:27] ENGINE Serving on http://0.0.0.0:5002
2025-03-09 14:28:27,288 - cherrypy.error - INFO - [09/Mar/2025:14:28:27] ENGINE Bus STARTED
2025-03-09 14:29:27,203 - AnalyticsService - INFO - Successfully updated registration with Resource Catalog
2025-03-09 14:29:27,209 - AnalyticsService - ERROR - Error in analysis loop: string indices must be integers, not 'str'
2025-03-09 14:30:27,200 - AnalyticsService - INFO - Successfully updated registration with Resource Catalog
2025-03-09 14:30:27,207 - AnalyticsService - ERROR - Error in analysis loop: string indices must be integers, not 'str'
2025-03-09 14:31:27,229 - AnalyticsService - INFO - Successfully updated registration with Resource Catalog
2025-03-09 14:31:27,234 - AnalyticsService - ERROR - Error in analysis loop: string indices must be integers, not 'str'
2025-03-09 14:32:27,266 - AnalyticsService - INFO - Successfully updated registration with Resource Catalog
2025-03-09 14:32:27,269 - AnalyticsService - ERROR - Error in analysis loop: string indices must be integers, not 'str'
2025-03-09 14:33:27,292 - AnalyticsService - INFO - Successfully updated registration with Resource Catalog
2025-03-09 14:33:27,301 - AnalyticsService - ERROR - Error in analysis loop: string indices must be integers, not 'str'
2025-03-09 14:34:27,325 - AnalyticsService - INFO - Successfully updated registration with Resource Catalog
2025-03-09 14:34:27,333 - AnalyticsService - ERROR - Error in analysis loop: string indices must be integers, not 'str'
2025-03-09 14:35:27,347 - AnalyticsService - INFO - Successfully updated registration with Resource Catalog
2025-03-09 14:35:27,352 - AnalyticsService - ERROR - Error in analysis loop: string indices must be integers, not 'str'
2025-03-09 14:36:27,379 - AnalyticsService - INFO - Successfully updated registration with Resource Catalog
2025-03-09 14:36:27,391 - AnalyticsService - ERROR - Error in analysis loop: string indices must be integers, not 'str'
2025-03-09 14:37:27,410 - AnalyticsService - INFO - Successfully updated registration with Resource Catalog
2025-03-09 14:37:27,417 - AnalyticsService - ERROR - Error in analysis loop: string indices must be integers, not 'str'
2025-03-09 14:38:27,430 - AnalyticsService - INFO - Successfully updated registration with Resource Catalog
2025-03-09 14:38:27,434 - AnalyticsService - ERROR - Error in analysis loop: string indices must be integers, not 'str'
2025-03-09 14:39:27,457 - AnalyticsService - INFO - Successfully updated registration with Resource Catalog
2025-03-09 14:39:27,465 - AnalyticsService - ERROR - Error in analysis loop: string indices must be integers, not 'str'
2025-03-09 14:40:27,475 - AnalyticsService - INFO - Successfully updated registration with Resource Catalog
2025-03-09 14:40:27,484 - AnalyticsService - ERROR - Error in analysis loop: string indices must be integers, not 'str'
2025-03-09 14:41:27,505 - AnalyticsService - INFO - Successfully updated registration with Resource Catalog
2025-03-09 14:41:27,513 - AnalyticsService - ERROR - Error in analysis loop: string indices must be integers, not 'str'
2025-03-09 14:42:27,528 - AnalyticsService - INFO - Successfully updated registration with Resource Catalog
2025-03-09 14:42:27,534 - AnalyticsService - ERROR - Error in analysis loop: string indices must be integers, not 'str'
2025-03-09 14:43:27,551 - AnalyticsService - INFO - Successfully updated registration with Resource Catalog
2025-03-09 14:43:27,559 - AnalyticsService - ERROR - Error in analysis loop: string indices must be integers, not 'str'
2025-03-09 14:44:27,574 - AnalyticsService - INFO - Successfully updated registration with Resource Catalog
2025-03-09 14:44:27,581 - AnalyticsService - ERROR - Error in analysis loop: string indices must be integers, not 'str'
2025-03-09 14:45:27,633 - AnalyticsService - INFO - Successfully updated registration with Resource Catalog
2025-03-09 14:45:27,642 - AnalyticsService - ERROR - Error in analysis loop: string indices must be integers, not 'str'
2025-03-09 14:46:27,666 - AnalyticsService - INFO - Successfully updated registration with Resource Catalog
2025-03-09 14:46:27,674 - AnalyticsService - ERROR - Error in analysis loop: string indices must be integers, not 'str'
2025-03-09 14:47:27,698 - AnalyticsService - INFO - Successfully updated registration with Resource Catalog
2025-03-09 14:47:27,704 - AnalyticsService - ERROR - Error in analysis loop: string indices must be integers, not 'str'
2025-03-09 14:48:27,716 - AnalyticsService - INFO - Successfully updated registration with Resource Catalog
2025-03-09 14:48:27,723 - AnalyticsService - ERROR - Error in analysis loop: string indices must be integers, not 'str'
2025-03-09 14:49:27,740 - AnalyticsService - INFO - Successfully updated registration with Resource Catalog
2025-03-09 14:49:27,746 - AnalyticsService - ERROR - Error in analysis loop: string indices must be integers, not 'str'
2025-03-09 14:50:27,760 - AnalyticsService - INFO - Successfully updated registration with Resource Catalog
2025-03-09 14:50:27,768 - AnalyticsService - ERROR - Error in analysis loop: string indices must be integers, not 'str'
2025-03-09 14:51:27,787 - AnalyticsService - INFO - Successfully updated registration with Resource Catalog
2025-03-09 14:51:27,795 - AnalyticsService - ERROR - Error in analysis loop: string indices must be integers, not 'str'
2025-03-09 14:52:27,807 - AnalyticsService - INFO - Successfully updated registration with Resource Catalog
2025-03-09 14:52:27,813 - AnalyticsService - ERROR - Error in analysis loop: string indices must be integers, not 'str'
2025-03-09 14:53:27,831 - AnalyticsService - INFO - Successfully updated registration with Resource Catalog
2025-03-09 14:53:27,837 - AnalyticsService - ERROR - Error in analysis loop: string indices must be integers, not 'str'
2025-03-09 14:54:27,853 - AnalyticsService - INFO - Successfully updated registration with Resource Catalog
2025-03-09 14:54:27,860 - AnalyticsService - ERROR - Error in analysis loop: string indices must be integers, not 'str'
2025-03-09 14:55:27,873 - AnalyticsService - INFO - Successfully updated registration with Resource Catalog
2025-03-09 14:55:27,881 - AnalyticsService - ERROR - Error in analysis loop: string indices must be integers, not 'str'
2025-03-09 14:56:27,898 - AnalyticsService - INFO - Successfully updated registration with Resource Catalog
2025-03-09 14:56:27,904 - AnalyticsService - ERROR - Error in analysis loop: string indices must be integers, not 'str'
2025-03-09 14:57:27,927 - AnalyticsService - INFO - Successfully updated registration with Resource Catalog
2025-03-09 14:57:27,933 - AnalyticsService - ERROR - Error in analysis loop: string indices must be integers, not 'str'
2025-03-09 14:58:27,956 - AnalyticsService - INFO - Successfully updated registration with Resource Catalog
2025-03-09 14:58:27,962 - AnalyticsService - ERROR - Error in analysis loop: string indices must be integers, not 'str'
2025-03-09 14:58:33,239 - cherrypy.error - INFO - [09/Mar/2025:14:58:33] ENGINE Keyboard Interrupt: shutting down bus
2025-03-09 14:58:33,240 - cherrypy.error - INFO - [09/Mar/2025:14:58:33] ENGINE Bus STOPPING
2025-03-09 14:58:33,414 - cherrypy.error - INFO - [09/Mar/2025:14:58:33] ENGINE HTTP Server cherrypy._cpwsgi_server.CPWSGIServer(('0.0.0.0', 5002)) shut down
2025-03-09 14:58:33,415 - cherrypy.error - INFO - [09/Mar/2025:14:58:33] ENGINE Bus STOPPED
2025-03-09 14:58:33,415 - cherrypy.error - INFO - [09/Mar/2025:14:58:33] ENGINE Bus EXITING
2025-03-09 14:58:33,415 - cherrypy.error - INFO - [09/Mar/2025:14:58:33] ENGINE Bus EXITED
2025-03-09 14:58:33,416 - cherrypy.error - INFO - [09/Mar/2025:14:58:33] ENGINE Waiting for child threads to terminate...
2025-03-09 17:39:06,237 - AnalyticsService - INFO - Successfully registered with Resource Catalog
2025-03-09 17:39:06,237 - AnalyticsService - INFO - Analytics Service initialized
2025-03-09 17:39:06,238 - AnalyticsService - INFO - Analysis background thread started
2025-03-09 17:39:06,238 - cherrypy.error - INFO - [09/Mar/2025:17:39:06] ENGINE Bus STARTING
2025-03-09 17:39:06,240 - AnalyticsService - INFO - Successfully updated registration with Resource Catalog
2025-03-09 17:39:06,241 - AnalyticsService - ERROR - Error in analysis loop: string indices must be integers, not 'str'
2025-03-09 17:39:06,348 - cherrypy.error - INFO - [09/Mar/2025:17:39:06] ENGINE Serving on http://0.0.0.0:5002
2025-03-09 17:39:06,349 - cherrypy.error - INFO - [09/Mar/2025:17:39:06] ENGINE Bus STARTED
2025-03-09 17:40:06,259 - AnalyticsService - INFO - Successfully updated registration with Resource Catalog
2025-03-09 17:40:06,264 - AnalyticsService - ERROR - Error in analysis loop: string indices must be integers, not 'str'
2025-03-09 17:41:06,284 - AnalyticsService - INFO - Successfully updated registration with Resource Catalog
2025-03-09 17:41:06,290 - AnalyticsService - ERROR - Error in analysis loop: string indices must be integers, not 'str'
2025-03-09 17:42:06,311 - AnalyticsService - INFO - Successfully updated registration with Resource Catalog
2025-03-09 17:42:06,320 - AnalyticsService - ERROR - Error in analysis loop: string indices must be integers, not 'str'
2025-03-09 17:43:06,334 - AnalyticsService - INFO - Successfully updated registration with Resource Catalog
2025-03-09 17:43:06,341 - AnalyticsService - ERROR - Error in analysis loop: string indices must be integers, not 'str'
2025-03-09 17:44:06,357 - AnalyticsService - INFO - Successfully updated registration with Resource Catalog
2025-03-09 17:44:06,364 - AnalyticsService - ERROR - Error in analysis loop: string indices must be integers, not 'str'
2025-03-09 17:45:06,378 - AnalyticsService - INFO - Successfully updated registration with Resource Catalog
2025-03-09 17:45:06,385 - AnalyticsService - ERROR - Error in analysis loop: string indices must be integers, not 'str'
2025-03-09 17:46:06,398 - AnalyticsService - INFO - Successfully updated registration with Resource Catalog
2025-03-09 17:46:06,405 - AnalyticsService - ERROR - Error in analysis loop: string indices must be integers, not 'str'
2025-03-09 17:47:06,424 - AnalyticsService - INFO - Successfully updated registration with Resource Catalog
2025-03-09 17:47:06,434 - AnalyticsService - ERROR - Error in analysis loop: string indices must be integers, not 'str'
2025-03-09 17:48:06,484 - AnalyticsService - INFO - Successfully updated registration with Resource Catalog
2025-03-09 17:48:06,491 - AnalyticsService - ERROR - Error in analysis loop: string indices must be integers, not 'str'
2025-03-09 17:49:06,516 - AnalyticsService - INFO - Successfully updated registration with Resource Catalog
2025-03-09 17:49:06,523 - AnalyticsService - ERROR - Error in analysis loop: string indices must be integers, not 'str'
2025-03-09 17:50:06,543 - AnalyticsService - INFO - Successfully updated registration with Resource Catalog
2025-03-09 17:50:06,549 - AnalyticsService - ERROR - Error in analysis loop: string indices must be integers, not 'str'
2025-03-09 17:51:06,567 - AnalyticsService - INFO - Successfully updated registration with Resource Catalog
2025-03-09 17:51:06,576 - AnalyticsService - ERROR - Error in analysis loop: string indices must be integers, not 'str'
2025-03-09 17:52:06,600 - AnalyticsService - INFO - Successfully updated registration with Resource Catalog
2025-03-09 17:52:06,609 - AnalyticsService - ERROR - Error in analysis loop: string indices must be integers, not 'str'
2025-03-09 17:53:06,634 - AnalyticsService - INFO - Successfully updated registration with Resource Catalog
2025-03-09 17:53:06,643 - AnalyticsService - ERROR - Error in analysis loop: string indices must be integers, not 'str'
2025-03-09 17:54:06,665 - AnalyticsService - INFO - Successfully updated registration with Resource Catalog
2025-03-09 17:54:06,670 - AnalyticsService - ERROR - Error in analysis loop: string indices must be integers, not 'str'
2025-03-09 17:55:06,698 - AnalyticsService - INFO - Successfully updated registration with Resource Catalog
2025-03-09 17:55:06,715 - AnalyticsService - ERROR - Error in analysis loop: string indices must be integers, not 'str'
2025-03-09 17:56:06,732 - AnalyticsService - INFO - Successfully updated registration with Resource Catalog
2025-03-09 17:56:06,739 - AnalyticsService - ERROR - Error in analysis loop: string indices must be integers, not 'str'
2025-03-09 17:57:06,751 - AnalyticsService - INFO - Successfully updated registration with Resource Catalog
2025-03-09 17:57:06,758 - AnalyticsService - ERROR - Error in analysis loop: string indices must be integers, not 'str'
2025-03-09 17:58:06,782 - AnalyticsService - INFO - Successfully updated registration with Resource Catalog
2025-03-09 17:58:06,788 - AnalyticsService - ERROR - Error in analysis loop: string indices must be integers, not 'str'
2025-03-09 17:59:06,811 - AnalyticsService - INFO - Successfully updated registration with Resource Catalog
2025-03-09 17:59:06,819 - AnalyticsService - ERROR - Error in analysis loop: string indices must be integers, not 'str'
2025-03-09 18:00:06,847 - AnalyticsService - INFO - Successfully updated registration with Resource Catalog
2025-03-09 18:00:06,855 - AnalyticsService - ERROR - Error in analysis loop: string indices must be integers, not 'str'
2025-03-09 18:01:06,876 - AnalyticsService - INFO - Successfully updated registration with Resource Catalog
2025-03-09 18:01:06,885 - AnalyticsService - ERROR - Error in analysis loop: string indices must be integers, not 'str'
2025-03-09 18:02:06,903 - AnalyticsService - INFO - Successfully updated registration with Resource Catalog
2025-03-09 18:02:06,912 - AnalyticsService - ERROR - Error in analysis loop: string indices must be integers, not 'str'
2025-03-09 18:03:06,932 - AnalyticsService - INFO - Successfully updated registration with Resource Catalog
2025-03-09 18:03:06,938 - AnalyticsService - ERROR - Error in analysis loop: string indices must be integers, not 'str'
2025-03-09 18:04:06,948 - AnalyticsService - INFO - Successfully updated registration with Resource Catalog
2025-03-09 18:04:06,955 - AnalyticsService - ERROR - Error in analysis loop: string indices must be integers, not 'str'
2025-03-09 18:05:06,973 - AnalyticsService - INFO - Successfully updated registration with Resource Catalog
2025-03-09 18:05:06,978 - AnalyticsService - ERROR - Error in analysis loop: string indices must be integers, not 'str'
2025-03-09 18:06:07,000 - AnalyticsService - INFO - Successfully updated registration with Resource Catalog
2025-03-09 18:06:07,009 - AnalyticsService - ERROR - Error in analysis loop: string indices must be integers, not 'str'
2025-03-09 18:07:07,028 - AnalyticsService - INFO - Successfully updated registration with Resource Catalog
2025-03-09 18:07:07,037 - AnalyticsService - ERROR - Error in analysis loop: string indices must be integers, not 'str'
2025-03-09 18:08:07,053 - AnalyticsService - INFO - Successfully updated registration with Resource Catalog
2025-03-09 18:08:07,059 - AnalyticsService - ERROR - Error in analysis loop: string indices must be integers, not 'str'
2025-03-09 18:09:07,081 - AnalyticsService - INFO - Successfully updated registration with Resource Catalog
2025-03-09 18:09:07,093 - AnalyticsService - ERROR - Error in analysis loop: string indices must be integers, not 'str'
2025-03-09 18:10:07,115 - AnalyticsService - INFO - Successfully updated registration with Resource Catalog
2025-03-09 18:10:07,125 - AnalyticsService - ERROR - Error in analysis loop: string indices must be integers, not 'str'
2025-03-09 18:11:07,142 - AnalyticsService - INFO - Successfully updated registration with Resource Catalog
2025-03-09 18:11:07,151 - AnalyticsService - ERROR - Error in analysis loop: string indices must be integers, not 'str'
2025-03-09 18:12:07,173 - AnalyticsService - INFO - Successfully updated registration with Resource Catalog
2025-03-09 18:12:07,181 - AnalyticsService - ERROR - Error in analysis loop: string indices must be integers, not 'str'
2025-03-09 18:13:07,201 - AnalyticsService - INFO - Successfully updated registration with Resource Catalog
2025-03-09 18:13:07,209 - AnalyticsService - ERROR - Error in analysis loop: string indices must be integers, not 'str'
2025-03-09 18:14:07,228 - AnalyticsService - INFO - Successfully updated registration with Resource Catalog
2025-03-09 18:14:07,238 - AnalyticsService - ERROR - Error in analysis loop: string indices must be integers, not 'str'
2025-03-09 18:15:07,259 - AnalyticsService - INFO - Successfully updated registration with Resource Catalog
2025-03-09 18:15:07,264 - AnalyticsService - ERROR - Error in analysis loop: string indices must be integers, not 'str'
2025-03-09 18:16:07,289 - AnalyticsService - INFO - Successfully updated registration with Resource Catalog
2025-03-09 18:16:07,297 - AnalyticsService - ERROR - Error in analysis loop: string indices must be integers, not 'str'
2025-03-09 18:17:07,318 - AnalyticsService - INFO - Successfully updated registration with Resource Catalog
2025-03-09 18:17:07,326 - AnalyticsService - ERROR - Error in analysis loop: string indices must be integers, not 'str'
2025-03-09 18:18:07,361 - AnalyticsService - INFO - Successfully updated registration with Resource Catalog
2025-03-09 18:18:07,370 - AnalyticsService - ERROR - Error in analysis loop: string indices must be integers, not 'str'
2025-03-09 18:19:07,388 - AnalyticsService - INFO - Successfully updated registration with Resource Catalog
2025-03-09 18:19:07,393 - AnalyticsService - ERROR - Error in analysis loop: string indices must be integers, not 'str'
2025-03-09 18:20:07,404 - AnalyticsService - INFO - Successfully updated registration with Resource Catalog
2025-03-09 18:20:07,407 - AnalyticsService - ERROR - Error in analysis loop: string indices must be integers, not 'str'
2025-03-09 18:21:07,423 - AnalyticsService - INFO - Successfully updated registration with Resource Catalog
2025-03-09 18:21:07,430 - AnalyticsService - ERROR - Error in analysis loop: string indices must be integers, not 'str'
2025-03-09 18:22:07,444 - AnalyticsService - INFO - Successfully updated registration with Resource Catalog
2025-03-09 18:22:07,452 - AnalyticsService - ERROR - Error in analysis loop: string indices must be integers, not 'str'
2025-03-09 18:23:07,467 - AnalyticsService - INFO - Successfully updated registration with Resource Catalog
2025-03-09 18:23:07,474 - AnalyticsService - ERROR - Error in analysis loop: string indices must be integers, not 'str'
2025-03-09 18:29:29,758 - AnalyticsService - INFO - Successfully updated registration with Resource Catalog
2025-03-09 18:29:29,763 - AnalyticsService - ERROR - Error in analysis loop: string indices must be integers, not 'str'
2025-03-09 18:35:16,483 - AnalyticsService - ERROR - Failed to update registration: 404 <!DOCTYPE html PUBLIC
"-//W3C//DTD XHTML 1.0 Transitional//EN"
"http://www.w3.org/TR/xhtml1/DTD/xhtml1-transitional.dtd">
<html>
<head>
    <meta http-equiv="Content-Type" content="text/html; charset=utf-8"></meta>
    <title>404 Not Found</title>
    <style type="text/css">
    #powered_by {
        margin-top: 20px;
        border-top: 2px solid black;
        font-style: italic;
    }

    #traceback {
        color: red;
    }
    </style>
</head>
    <body>
        <h2>404 Not Found</h2>
        <p>Service analytics_microservice not found</p>
        <pre id="traceback">Traceback (most recent call last):
  File "/Library/Frameworks/Python.framework/Versions/3.13/lib/python3.13/site-packages/cherrypy/_cprequest.py", line 659, in respond
    self._do_respond(path_info)
    ~~~~~~~~~~~~~~~~^^^^^^^^^^^
  File "/Library/Frameworks/Python.framework/Versions/3.13/lib/python3.13/site-packages/cherrypy/_cprequest.py", line 718, in _do_respond
    response.body = self.handler()
                    ~~~~~~~~~~~~^^
  File "/Library/Frameworks/Python.framework/Versions/3.13/lib/python3.13/site-packages/cherrypy/lib/encoding.py", line 223, in __call__
    self.body = self.oldhandler(*args, **kwargs)
                ~~~~~~~~~~~~~~~^^^^^^^^^^^^^^^^^
  File "/Library/Frameworks/Python.framework/Versions/3.13/lib/python3.13/site-packages/cherrypy/lib/jsontools.py", line 59, in json_handler
    value = cherrypy.serving.request._json_inner_handler(*args, **kwargs)
  File "/Library/Frameworks/Python.framework/Versions/3.13/lib/python3.13/site-packages/cherrypy/_cpdispatch.py", line 54, in __call__
    return self.callable(*self.args, **self.kwargs)
           ~~~~~~~~~~~~~^^^^^^^^^^^^^^^^^^^^^^^^^^^
  File "/Users/mehdi/Desktop/IOT_LastV_GroupWork/SmartBolt_IOT_Platform/MS_ResourceCatalog/main.py", line 229, in PUT
    raise cherrypy.HTTPError(404, f"Service {resource_id} not found")
cherrypy._cperror.HTTPError: (404, 'Service analytics_microservice not found')
</pre>
    <div id="powered_by">
      <span>
        Powered by <a href="http://www.cherrypy.dev">CherryPy 18.10.0</a>
      </span>
    </div>
    </body>
</html>

2025-03-09 18:35:16,513 - AnalyticsService - ERROR - Error in analysis loop: string indices must be integers, not 'str'
2025-03-09 18:36:16,538 - AnalyticsService - ERROR - Failed to update registration: 404 <!DOCTYPE html PUBLIC
"-//W3C//DTD XHTML 1.0 Transitional//EN"
"http://www.w3.org/TR/xhtml1/DTD/xhtml1-transitional.dtd">
<html>
<head>
    <meta http-equiv="Content-Type" content="text/html; charset=utf-8"></meta>
    <title>404 Not Found</title>
    <style type="text/css">
    #powered_by {
        margin-top: 20px;
        border-top: 2px solid black;
        font-style: italic;
    }

    #traceback {
        color: red;
    }
    </style>
</head>
    <body>
        <h2>404 Not Found</h2>
        <p>Service analytics_microservice not found</p>
        <pre id="traceback">Traceback (most recent call last):
  File "/Library/Frameworks/Python.framework/Versions/3.13/lib/python3.13/site-packages/cherrypy/_cprequest.py", line 659, in respond
    self._do_respond(path_info)
    ~~~~~~~~~~~~~~~~^^^^^^^^^^^
  File "/Library/Frameworks/Python.framework/Versions/3.13/lib/python3.13/site-packages/cherrypy/_cprequest.py", line 718, in _do_respond
    response.body = self.handler()
                    ~~~~~~~~~~~~^^
  File "/Library/Frameworks/Python.framework/Versions/3.13/lib/python3.13/site-packages/cherrypy/lib/encoding.py", line 223, in __call__
    self.body = self.oldhandler(*args, **kwargs)
                ~~~~~~~~~~~~~~~^^^^^^^^^^^^^^^^^
  File "/Library/Frameworks/Python.framework/Versions/3.13/lib/python3.13/site-packages/cherrypy/lib/jsontools.py", line 59, in json_handler
    value = cherrypy.serving.request._json_inner_handler(*args, **kwargs)
  File "/Library/Frameworks/Python.framework/Versions/3.13/lib/python3.13/site-packages/cherrypy/_cpdispatch.py", line 54, in __call__
    return self.callable(*self.args, **self.kwargs)
           ~~~~~~~~~~~~~^^^^^^^^^^^^^^^^^^^^^^^^^^^
  File "/Users/mehdi/Desktop/IOT_LastV_GroupWork/SmartBolt_IOT_Platform/MS_ResourceCatalog/main.py", line 229, in PUT
    raise cherrypy.HTTPError(404, f"Service {resource_id} not found")
cherrypy._cperror.HTTPError: (404, 'Service analytics_microservice not found')
</pre>
    <div id="powered_by">
      <span>
        Powered by <a href="http://www.cherrypy.dev">CherryPy 18.10.0</a>
      </span>
    </div>
    </body>
</html>

2025-03-09 18:36:16,545 - AnalyticsService - ERROR - Error in analysis loop: string indices must be integers, not 'str'
2025-03-09 18:37:16,566 - AnalyticsService - ERROR - Failed to update registration: 404 <!DOCTYPE html PUBLIC
"-//W3C//DTD XHTML 1.0 Transitional//EN"
"http://www.w3.org/TR/xhtml1/DTD/xhtml1-transitional.dtd">
<html>
<head>
    <meta http-equiv="Content-Type" content="text/html; charset=utf-8"></meta>
    <title>404 Not Found</title>
    <style type="text/css">
    #powered_by {
        margin-top: 20px;
        border-top: 2px solid black;
        font-style: italic;
    }

    #traceback {
        color: red;
    }
    </style>
</head>
    <body>
        <h2>404 Not Found</h2>
        <p>Service analytics_microservice not found</p>
        <pre id="traceback">Traceback (most recent call last):
  File "/Library/Frameworks/Python.framework/Versions/3.13/lib/python3.13/site-packages/cherrypy/_cprequest.py", line 659, in respond
    self._do_respond(path_info)
    ~~~~~~~~~~~~~~~~^^^^^^^^^^^
  File "/Library/Frameworks/Python.framework/Versions/3.13/lib/python3.13/site-packages/cherrypy/_cprequest.py", line 718, in _do_respond
    response.body = self.handler()
                    ~~~~~~~~~~~~^^
  File "/Library/Frameworks/Python.framework/Versions/3.13/lib/python3.13/site-packages/cherrypy/lib/encoding.py", line 223, in __call__
    self.body = self.oldhandler(*args, **kwargs)
                ~~~~~~~~~~~~~~~^^^^^^^^^^^^^^^^^
  File "/Library/Frameworks/Python.framework/Versions/3.13/lib/python3.13/site-packages/cherrypy/lib/jsontools.py", line 59, in json_handler
    value = cherrypy.serving.request._json_inner_handler(*args, **kwargs)
  File "/Library/Frameworks/Python.framework/Versions/3.13/lib/python3.13/site-packages/cherrypy/_cpdispatch.py", line 54, in __call__
    return self.callable(*self.args, **self.kwargs)
           ~~~~~~~~~~~~~^^^^^^^^^^^^^^^^^^^^^^^^^^^
  File "/Users/mehdi/Desktop/IOT_LastV_GroupWork/SmartBolt_IOT_Platform/MS_ResourceCatalog/main.py", line 229, in PUT
    raise cherrypy.HTTPError(404, f"Service {resource_id} not found")
cherrypy._cperror.HTTPError: (404, 'Service analytics_microservice not found')
</pre>
    <div id="powered_by">
      <span>
        Powered by <a href="http://www.cherrypy.dev">CherryPy 18.10.0</a>
      </span>
    </div>
    </body>
</html>

2025-03-09 18:37:16,574 - AnalyticsService - ERROR - Error in analysis loop: string indices must be integers, not 'str'
2025-03-09 18:38:16,600 - AnalyticsService - ERROR - Failed to update registration: 404 <!DOCTYPE html PUBLIC
"-//W3C//DTD XHTML 1.0 Transitional//EN"
"http://www.w3.org/TR/xhtml1/DTD/xhtml1-transitional.dtd">
<html>
<head>
    <meta http-equiv="Content-Type" content="text/html; charset=utf-8"></meta>
    <title>404 Not Found</title>
    <style type="text/css">
    #powered_by {
        margin-top: 20px;
        border-top: 2px solid black;
        font-style: italic;
    }

    #traceback {
        color: red;
    }
    </style>
</head>
    <body>
        <h2>404 Not Found</h2>
        <p>Service analytics_microservice not found</p>
        <pre id="traceback">Traceback (most recent call last):
  File "/Library/Frameworks/Python.framework/Versions/3.13/lib/python3.13/site-packages/cherrypy/_cprequest.py", line 659, in respond
    self._do_respond(path_info)
    ~~~~~~~~~~~~~~~~^^^^^^^^^^^
  File "/Library/Frameworks/Python.framework/Versions/3.13/lib/python3.13/site-packages/cherrypy/_cprequest.py", line 718, in _do_respond
    response.body = self.handler()
                    ~~~~~~~~~~~~^^
  File "/Library/Frameworks/Python.framework/Versions/3.13/lib/python3.13/site-packages/cherrypy/lib/encoding.py", line 223, in __call__
    self.body = self.oldhandler(*args, **kwargs)
                ~~~~~~~~~~~~~~~^^^^^^^^^^^^^^^^^
  File "/Library/Frameworks/Python.framework/Versions/3.13/lib/python3.13/site-packages/cherrypy/lib/jsontools.py", line 59, in json_handler
    value = cherrypy.serving.request._json_inner_handler(*args, **kwargs)
  File "/Library/Frameworks/Python.framework/Versions/3.13/lib/python3.13/site-packages/cherrypy/_cpdispatch.py", line 54, in __call__
    return self.callable(*self.args, **self.kwargs)
           ~~~~~~~~~~~~~^^^^^^^^^^^^^^^^^^^^^^^^^^^
  File "/Users/mehdi/Desktop/IOT_LastV_GroupWork/SmartBolt_IOT_Platform/MS_ResourceCatalog/main.py", line 229, in PUT
    raise cherrypy.HTTPError(404, f"Service {resource_id} not found")
cherrypy._cperror.HTTPError: (404, 'Service analytics_microservice not found')
</pre>
    <div id="powered_by">
      <span>
        Powered by <a href="http://www.cherrypy.dev">CherryPy 18.10.0</a>
      </span>
    </div>
    </body>
</html>

2025-03-09 18:38:16,607 - AnalyticsService - ERROR - Error in analysis loop: string indices must be integers, not 'str'
2025-03-09 18:39:16,624 - AnalyticsService - ERROR - Failed to update registration: 404 <!DOCTYPE html PUBLIC
"-//W3C//DTD XHTML 1.0 Transitional//EN"
"http://www.w3.org/TR/xhtml1/DTD/xhtml1-transitional.dtd">
<html>
<head>
    <meta http-equiv="Content-Type" content="text/html; charset=utf-8"></meta>
    <title>404 Not Found</title>
    <style type="text/css">
    #powered_by {
        margin-top: 20px;
        border-top: 2px solid black;
        font-style: italic;
    }

    #traceback {
        color: red;
    }
    </style>
</head>
    <body>
        <h2>404 Not Found</h2>
        <p>Service analytics_microservice not found</p>
        <pre id="traceback">Traceback (most recent call last):
  File "/Library/Frameworks/Python.framework/Versions/3.13/lib/python3.13/site-packages/cherrypy/_cprequest.py", line 659, in respond
    self._do_respond(path_info)
    ~~~~~~~~~~~~~~~~^^^^^^^^^^^
  File "/Library/Frameworks/Python.framework/Versions/3.13/lib/python3.13/site-packages/cherrypy/_cprequest.py", line 718, in _do_respond
    response.body = self.handler()
                    ~~~~~~~~~~~~^^
  File "/Library/Frameworks/Python.framework/Versions/3.13/lib/python3.13/site-packages/cherrypy/lib/encoding.py", line 223, in __call__
    self.body = self.oldhandler(*args, **kwargs)
                ~~~~~~~~~~~~~~~^^^^^^^^^^^^^^^^^
  File "/Library/Frameworks/Python.framework/Versions/3.13/lib/python3.13/site-packages/cherrypy/lib/jsontools.py", line 59, in json_handler
    value = cherrypy.serving.request._json_inner_handler(*args, **kwargs)
  File "/Library/Frameworks/Python.framework/Versions/3.13/lib/python3.13/site-packages/cherrypy/_cpdispatch.py", line 54, in __call__
    return self.callable(*self.args, **self.kwargs)
           ~~~~~~~~~~~~~^^^^^^^^^^^^^^^^^^^^^^^^^^^
  File "/Users/mehdi/Desktop/IOT_LastV_GroupWork/SmartBolt_IOT_Platform/MS_ResourceCatalog/main.py", line 229, in PUT
    raise cherrypy.HTTPError(404, f"Service {resource_id} not found")
cherrypy._cperror.HTTPError: (404, 'Service analytics_microservice not found')
</pre>
    <div id="powered_by">
      <span>
        Powered by <a href="http://www.cherrypy.dev">CherryPy 18.10.0</a>
      </span>
    </div>
    </body>
</html>

2025-03-09 18:39:16,630 - AnalyticsService - ERROR - Error in analysis loop: string indices must be integers, not 'str'
2025-03-09 18:39:49,767 - cherrypy.error - INFO - [09/Mar/2025:18:39:49] ENGINE Keyboard Interrupt: shutting down bus
2025-03-09 18:39:49,770 - cherrypy.error - INFO - [09/Mar/2025:18:39:49] ENGINE Bus STOPPING
2025-03-09 18:39:49,915 - cherrypy.error - INFO - [09/Mar/2025:18:39:49] ENGINE HTTP Server cherrypy._cpwsgi_server.CPWSGIServer(('0.0.0.0', 5002)) shut down
2025-03-09 18:39:49,915 - cherrypy.error - INFO - [09/Mar/2025:18:39:49] ENGINE Bus STOPPED
2025-03-09 18:39:49,915 - cherrypy.error - INFO - [09/Mar/2025:18:39:49] ENGINE Bus EXITING
2025-03-09 18:39:49,916 - cherrypy.error - INFO - [09/Mar/2025:18:39:49] ENGINE Bus EXITED
2025-03-09 18:39:49,916 - cherrypy.error - INFO - [09/Mar/2025:18:39:49] ENGINE Waiting for child threads to terminate...
